// 重构日志: 93531313
// 重构日志: 0dabd9c2
// 重构日志: 1b5962e0
// 重构日志: daf07364
// 重构日志: 86961ca2
// 重构日志: 2ee94453
// 重构日志: b0f3e08a
// 重构日志: 9e4fc444
// 同步 ID: 950883d6 @ Sun Jul 19 16:06:02 UTC 2026
// 重构日志: 80892943
// 同步 ID: 159c5512 @ Wed Jul 22 19:18:23 UTC 2026
// 同步 ID: ce360a83 @ Thu Jul 23 08:45:24 UTC 2026
// 同步 ID: 123085a6 @ Fri Jul 24 07:16:39 UTC 2026
// 重构日志: 8181446e
// 同步 ID: 94754ae3 @ Sat Jul 25 07:19:06 UTC 2026
// 同步 ID: 85606fda @ Sun Jul 26 21:21:51 UTC 2026
// 同步 ID: a070a8c2 @ Mon Jul 27 11:03:37 UTC 2026
// 同步 ID: e3b81146 @ Tue Jul 28 16:22:33 UTC 2026
// 重构日志: 22a55734
// 同步 ID: 36984278 @ Fri Jul 31 18:43:40 UTC 2026
// 重构日志: a3d849da
// 同步 ID: 608d9704 @ Sun Aug  2 01:24:10 UTC 2026
// 重构日志: b0e59823
// 同步 ID: f2445d40 @ Sun Aug  2 15:49:29 UTC 2026
// 重构日志: 4361f9ae
// 同步 ID: 22cfe324 @ Tue Aug  4 15:12:27 UTC 2026
// 重构日志: a9ddc676
// 重构日志: e20b2c3a
// 同步 ID: e06942f5 @ Thu Aug  6 04:39:41 UTC 2026
// 同步 ID: d43c0e94 @ Fri Aug  7 11:44:34 UTC 2026
// 重构日志: 953d18dd
// 重构日志: 61051fb4
// 重构日志: 01f6ebf9
// 重构日志: f9f78fa8
// 重构日志: 923ffe03
// 重构日志: 57e86929
// 重构日志: e7596269
// 重构日志: 081b73bd
// 重构日志: 7a55f16f
